../Core/Src/main.c:74:6:SimonGameWelcome	8	static
../Core/Src/main.c:101:5:main	8	static
../Core/Src/main.c:156:6:SystemClock_Config	88	static
../Core/Src/main.c:202:13:MX_DAC_Init	16	static
../Core/Src/main.c:242:13:MX_I2C1_Init	8	static
../Core/Src/main.c:276:13:MX_I2S3_Init	8	static
../Core/Src/main.c:310:13:MX_SPI2_Init	8	static
../Core/Src/main.c:347:13:MX_UART4_Init	8	static
../Core/Src/main.c:380:13:MX_GPIO_Init	56	static
../Core/Src/main.c:488:6:Error_Handler	4	static,ignoring_inline_asm
